loaded checkpoints/cand.pt on cuda (NVIDIA GeForce RTX 3090)
  20/300  win 0.500+/-0.225  cul 86.3 vs 83.6  (30s)
  40/300  win 0.450+/-0.156  cul 81.4 vs 85.0  (60s)
  60/300  win 0.500+/-0.128  cul 83.0 vs 84.5  (92s)
  80/300  win 0.475+/-0.110  cul 82.0 vs 87.8  (121s)
  100/300  win 0.480+/-0.098  cul 79.6 vs 88.5  (152s)
  120/300  win 0.475+/-0.090  cul 78.3 vs 88.7  (180s)
  140/300  win 0.464+/-0.083  cul 78.7 vs 88.0  (208s)
  160/300  win 0.444+/-0.077  cul 80.2 vs 89.8  (240s)
  180/300  win 0.433+/-0.073  cul 79.7 vs 91.1  (269s)
  200/300  win 0.432+/-0.069  cul 80.1 vs 91.4  (300s)
  220/300  win 0.434+/-0.065  cul 79.6 vs 91.4  (333s)
  240/300  win 0.427+/-0.063  cul 79.5 vs 91.1  (363s)
  260/300  win 0.429+/-0.060  cul 79.3 vs 90.9  (394s)
  280/300  win 0.423+/-0.058  cul 78.7 vs 90.2  (423s)
  300/300  win 0.415+/-0.056  cul 78.6 vs 90.3  (452s)

==== RESULT ====
NeuralBot vs neural:checkpoints/best.pt @ 2p  n=300 (det=1, etb=0.0)
win rate     0.415 +/- 0.056  (null 0.500, p=0.002807)
neural cult  78.6 +/- 4.3
oppo cult    90.3 +/- 4.9
margin       -11.6 +/- 6.6
moves/game   170   engine errors 0
SUMMARY win=0.4150 ci=0.0558 neural=78.6 opp=90.3 margin=-11.6 n=300 errs=0
