=== ctrl_2p (800 games, 2p) 21:34:07
ctrl_2p vs 1ply @2p: win rate 50.0% +/- 3.5% (null 50.0%, p=1.0000, n=800) culture 157 vs 157 [391.0s]
=== q1_2p (800 games, 2p) 21:40:38
q1_2p vs 1ply @2p: win rate 55.8% +/- 3.4% (null 50.0%, p=0.0009, n=800) culture 149 vs 139 [574.5s]
=== q2_2p (800 games, 2p) 21:50:12
q2_2p vs 1ply @2p: win rate 53.7% +/- 3.4% (null 50.0%, p=0.0358, n=800) culture 150 vs 143 [828.9s]
3.2% (null 33.3%, p=1.0000, n=801) culture 131 vs 131 [672.1s]
=== q1_3p (801 games, 3p) 22:02:24
skip ctrl_2p
skip q1_2p
skip ctrl_3p
=== q1_3p (801 games, 3p) 22:03:33
q1_3p vs 1ply @3p: win rate 42.8% +/- 3.4% (null 33.3%, p=0.0000, n=801) culture 135 vs 125 [1584.5s]
=== ctrl_4p (800 games, 4p) 22:29:58
skip ctrl_2p
skip q1_2p
skip ctrl_3p
skip q1_3p
=== q1_4p (800 games, 4p) 22:46:26
q1_4p vs 1ply @4p: win rate 41.7% +/- 3.4% (null 25.0%, p=0.0000, n=800) culture 175 vs 155 [1026.0s]
skip q2_2p
DONE 23:03:32
